2026-03-13 14:43:52 [main] INFO  c.t.i.a.InternshipAssignmentApplication - Started InternshipAssignmentApplication in 3.181 seconds (process running for 3.736)
2026-03-13 14:43:52 [main] DEBUG o.s.b.a.ApplicationAvailabilityBean - Application availability state LivenessState changed to CORRECT
2026-03-13 14:43:52 [main] DEBUG o.s.b.a.ApplicationAvailabilityBean - Application availability state ReadinessState changed to ACCEPTING_TRAFFIC
2026-03-13 14:43:53 [reactor-http-nio-2] DEBUG io.netty.buffer.AbstractByteBuf - -Dio.netty.buffer.checkAccessible: true
2026-03-13 14:43:53 [reactor-http-nio-2] DEBUG io.netty.buffer.AbstractByteBuf - -Dio.netty.buffer.checkBounds: true
2026-03-13 14:43:53 [reactor-http-nio-2] DEBUG i.n.util.ResourceLeakDetectorFactory - Loaded default ResourceLeakDetector: io.netty.util.ResourceLeakDetector@3fbe6af7
2026-03-13 14:43:53 [reactor-http-nio-2] DEBUG r.n.http.server.HttpServerOperations - [a6cce88e, L:/[0:0:0:0:0:0:0:1]:8082 - R:/[0:0:0:0:0:0:0:1]:61850] New http connection, requesting read
2026-03-13 14:43:53 [reactor-http-nio-2] DEBUG r.netty.transport.TransportConfig - [a6cce88e, L:/[0:0:0:0:0:0:0:1]:8082 - R:/[0:0:0:0:0:0:0:1]:61850] Initialized pipeline DefaultChannelPipeline{(reactor.left.httpCodec = io.netty.handler.codec.http.HttpServerCodec), (reactor.left.httpTrafficHandler = reactor.netty.http.server.HttpTrafficHandler), (reactor.right.reactiveBridge = reactor.netty.channel.ChannelOperationsHandler)}
2026-03-13 14:43:53 [reactor-http-nio-3] DEBUG r.n.http.server.HttpServerOperations - [6281af2c, L:/[0:0:0:0:0:0:0:1]:8082 - R:/[0:0:0:0:0:0:0:1]:61851] New http connection, requesting read
2026-03-13 14:43:53 [reactor-http-nio-3] DEBUG r.netty.transport.TransportConfig - [6281af2c, L:/[0:0:0:0:0:0:0:1]:8082 - R:/[0:0:0:0:0:0:0:1]:61851] Initialized pipeline DefaultChannelPipeline{(reactor.left.httpCodec = io.netty.handler.codec.http.HttpServerCodec), (reactor.left.httpTrafficHandler = reactor.netty.http.server.HttpTrafficHandler), (reactor.right.reactiveBridge = reactor.netty.channel.ChannelOperationsHandler)}
2026-03-13 14:43:53 [reactor-http-nio-3] DEBUG io.netty.util.Recycler - -Dio.netty.recycler.maxCapacityPerThread: 4096
2026-03-13 14:43:53 [reactor-http-nio-3] DEBUG io.netty.util.Recycler - -Dio.netty.recycler.ratio: 8
2026-03-13 14:43:53 [reactor-http-nio-3] DEBUG io.netty.util.Recycler - -Dio.netty.recycler.chunkSize: 32
2026-03-13 14:43:53 [reactor-http-nio-3] DEBUG io.netty.util.Recycler - -Dio.netty.recycler.blocking: false
2026-03-13 14:43:53 [reactor-http-nio-3] DEBUG io.netty.util.Recycler - -Dio.netty.recycler.batchFastThreadLocalOnly: true
2026-03-13 14:43:53 [reactor-http-nio-3] DEBUG r.n.http.server.HttpServerOperations - [6281af2c, L:/[0:0:0:0:0:0:0:1]:8082 - R:/[0:0:0:0:0:0:0:1]:61851] Increasing pending responses count: 1
2026-03-13 14:43:53 [reactor-http-nio-3] DEBUG r.netty.http.server.HttpServer - [6281af2c-1, L:/[0:0:0:0:0:0:0:1]:8082 - R:/[0:0:0:0:0:0:0:1]:61851] Handler is being applied: org.springframework.http.server.reactive.ReactorHttpHandlerAdapter@cb42ff5
2026-03-13 14:43:53 [reactor-http-nio-3] DEBUG o.s.w.s.a.HttpWebHandlerAdapter - [6281af2c-1] HTTP GET "/test"
2026-03-13 14:43:53 [reactor-http-nio-3] DEBUG o.s.w.r.r.m.a.RequestMappingHandlerMapping - [6281af2c-1] Mapped to com.temenos.internship.assignment.controller.TestController#test()
2026-03-13 14:43:53 [reactor-http-nio-3] DEBUG c.t.i.a.controller.TestController - Received request on /test endpoint
2026-03-13 14:43:53 [reactor-http-nio-3] DEBUG o.s.w.r.r.m.a.ResponseEntityResultHandler - [6281af2c-1] Using 'text/plain;charset=UTF-8' given [*/*] and supported [text/plain;charset=UTF-8, text/event-stream, text/plain;charset=UTF-8, */*]
2026-03-13 14:43:53 [reactor-http-nio-3] DEBUG o.s.w.r.r.m.a.ResponseEntityResultHandler - [6281af2c-1] 0..1 [java.lang.String]
2026-03-13 14:43:53 [reactor-http-nio-3] DEBUG o.s.core.codec.CharSequenceEncoder - [6281af2c-1] Writing "test ok"
2026-03-13 14:43:53 [reactor-http-nio-3] DEBUG r.n.http.server.HttpServerOperations - [6281af2c-1, L:/[0:0:0:0:0:0:0:1]:8082 - R:/[0:0:0:0:0:0:0:1]:61851] Last HTTP response frame
2026-03-13 14:43:53 [reactor-http-nio-3] DEBUG r.n.http.server.HttpServerOperations - [6281af2c-1, L:/[0:0:0:0:0:0:0:1]:8082 - R:/[0:0:0:0:0:0:0:1]:61851] Headers are not sent before onComplete().
2026-03-13 14:43:53 [reactor-http-nio-3] DEBUG r.n.http.server.HttpServerOperations - [6281af2c-1, L:/[0:0:0:0:0:0:0:1]:8082 - R:/[0:0:0:0:0:0:0:1]:61851] Decreasing pending responses count: 0
2026-03-13 14:43:53 [reactor-http-nio-3] DEBUG r.n.http.server.HttpServerOperations - [6281af2c-1, L:/[0:0:0:0:0:0:0:1]:8082 - R:/[0:0:0:0:0:0:0:1]:61851] Last HTTP packet was sent, terminating the channel
2026-03-13 14:43:53 [reactor-http-nio-3] DEBUG r.netty.channel.ChannelOperations - [6281af2c-1, L:/[0:0:0:0:0:0:0:1]:8082 - R:/[0:0:0:0:0:0:0:1]:61851] [HttpServer] Channel inbound receiver cancelled (subscription disposed).
2026-03-13 14:43:53 [reactor-http-nio-3] DEBUG o.s.w.s.a.HttpWebHandlerAdapter - [6281af2c-1] Completed 200 OK
2026-03-13 14:43:53 [reactor-http-nio-3] DEBUG r.n.channel.ChannelOperationsHandler - [6281af2c, L:/[0:0:0:0:0:0:0:1]:8082 - R:/[0:0:0:0:0:0:0:1]:61851] No ChannelOperation attached.
2026-03-13 14:44:59 [SpringApplicationShutdownHook] DEBUG o.s.b.a.ApplicationAvailabilityBean - Application availability state ReadinessState changed from ACCEPTING_TRAFFIC to REFUSING_TRAFFIC
2026-03-13 14:44:59 [SpringApplicationShutdownHook] DEBUG o.s.b.w.r.c.AnnotationConfigReactiveWebServerApplicationContext - Closing org.springframework.boot.web.reactive.context.AnnotationConfigReactiveWebServerApplicationContext@68ead359, started on Fri Mar 13 14:43:50 CET 2026
2026-03-13 14:44:59 [SpringApplicationShutdownHook] DEBUG o.s.c.s.DefaultLifecycleProcessor - Stopping beans in phase 2147482623
2026-03-13 14:44:59 [SpringApplicationShutdownHook] INFO  o.s.b.w.e.netty.GracefulShutdown - Commencing graceful shutdown. Waiting for active requests to complete
2026-03-13 14:44:59 [netty-shutdown] DEBUG r.netty.transport.ServerTransport - [7e40e07c, L:/[0:0:0:0:0:0:0:0]:8082] Server is about to be disposed with timeout: PT2562047H47M16.854775807S
2026-03-13 14:44:59 [netty-shutdown] INFO  o.s.b.w.e.netty.GracefulShutdown - Graceful shutdown complete
2026-03-13 14:44:59 [SpringApplicationShutdownHook] DEBUG o.s.c.s.DefaultLifecycleProcessor - Stopping beans in phase 2147481599
2026-03-13 14:44:59 [netty-shutdown] DEBUG o.s.c.s.DefaultLifecycleProcessor - Bean 'webServerGracefulShutdown' completed its stop procedure
2026-03-13 14:44:59 [SpringApplicationShutdownHook] DEBUG r.netty.transport.ServerTransport - [7e40e07c, L:/[0:0:0:0:0:0:0:0]:8082] Server has been disposed
2026-03-13 14:44:59 [SpringApplicationShutdownHook] DEBUG o.s.c.s.DefaultLifecycleProcessor - Bean 'webServerStartStop' completed its stop procedure
2026-03-13 14:44:59 [SpringApplicationShutdownHook] DEBUG o.s.c.s.DefaultLifecycleProcessor - Stopping beans in phase 1073741823
2026-03-13 14:44:59 [SpringApplicationShutdownHook] DEBUG o.s.c.s.DefaultLifecycleProcessor - Bean 'applicationTaskExecutor' completed its stop procedure
2026-03-13 14:44:59 [SpringApplicationShutdownHook] DEBUG o.s.c.s.DefaultLifecycleProcessor - Stopping beans in phase 0
2026-03-13 14:44:59 [reactor-http-nio-2] DEBUG io.netty.buffer.PoolThreadCache - Freed 1 thread-local buffer(s) from thread: reactor-http-nio-2
2026-03-13 14:45:01 [reactor-http-nio-3] DEBUG io.netty.buffer.PoolThreadCache - Freed 3 thread-local buffer(s) from thread: reactor-http-nio-3
2026-03-13 14:45:01 [SpringApplicationShutdownHook] DEBUG o.s.c.s.DefaultLifecycleProcessor - Bean 'reactorResourceFactory' completed its stop procedure
2026-03-13 14:45:01 [SpringApplicationShutdownHook] DEBUG o.s.c.s.DefaultLifecycleProcessor - Stopping beans in phase -2147483647
2026-03-13 14:45:01 [SpringApplicationShutdownHook] DEBUG o.s.c.s.DefaultLifecycleProcessor - Bean 'springBootLoggingLifecycle' completed its stop procedure
2026-03-13 14:45:01 [SpringApplicationShutdownHook] DEBUG o.s.b.f.s.DisposableBeanAdapter - Custom destroy method 'close' on bean with name 'simpleMeterRegistry' completed
2026-03-13 14:45:01 [SpringApplicationShutdownHook] DEBUG o.s.s.c.ThreadPoolTaskExecutor - Shutting down ExecutorService 'applicationTaskExecutor'
